04-09 21:18:56.369   832  3570 D NxpTml  : PN54X - Read requested.....
04-09 21:18:56.369 14532 14576 E LeiaNativeSDK: Drawing with VBO vertices
04-09 21:18:56.369   832  3570 D NxpTml  : PN54X - Invoking I2C Read.....
04-09 21:18:56.369 14532 14576 E LeiaNativeSDK: Drawing with VBO vertices
04-09 21:18:57.422 14532 14576 I chatty  : uid=10101(com.sample.moreteapots) Thread-65 identical 371 lines
04-09 21:18:57.423 14532 14576 E LeiaNativeSDK: Drawing with VBO vertices
04-09 21:18:57.424   832  3570 E NxpTml  : _>>>>> Empty packet recieved !!
04-09 21:18:57.424   832  3570 D NxpTml  : PN54X - I2C Read successful.....len = 3
04-09 21:18:57.424   832  3570 D NxpTml  : PN54X - Posting read message.....
04-09 21:18:57.424   832  3570 D NxpNciR : len =   3 <= 612100
04-09 21:18:57.424   832  3573 D NxpHal  : read successful status = 0x0
04-09 21:18:57.425  3149  3532 I BrcmNfcNfa: NFC received ntf gid:1
04-09 21:18:57.425  3149  3532 E BrcmNfcNfa: unknown opcode:0x21
04-09 21:18:57.425   832  3570 D NxpTml  : PN54X - Read requested.....
04-09 21:18:57.425   832  3570 D NxpTml  : PN54X - Invoking I2C Read.....
04-09 21:18:57.431 14532 14576 E LeiaNativeSDK: Drawing with VBO vertices
04-09 21:18:57.620 14532 14576 I chatty  : uid=10101(com.sample.moreteapots) Thread-65 identical 70 lines
04-09 21:18:57.620 14532 14576 E LeiaNativeSDK: Drawing with VBO vertices
04-09 21:18:57.622  2514  2514 D KeyguardUpdateMonitor: received broadcast android.intent.action.BATTERY_CHANGED
04-09 21:18:57.622  2695  2695 D QtiCarrierConfigHelper: WARNING, no carrier configs on phone Id: 0
04-09 21:18:57.622  2514  2514 D KeyguardUpdateMonitor: handleBatteryUpdate
04-09 21:18:57.625 14532 14576 E LeiaNativeSDK: Drawing with VBO vertices
04-09 21:18:57.633 14532 14576 I chatty  : uid=10101(com.sample.moreteapots) Thread-65 identical 4 lines
04-09 21:18:57.633 14532 14576 E LeiaNativeSDK: Drawing with VBO vertices
04-09 21:18:57.637  2514  2514 W SignalClusterView: apply: mImsVisible = false
04-09 21:18:57.638  2514  2514 I chatty  : uid=1000(system) com.android.systemui identical 2 lines
04-09 21:18:57.638  2514  2514 W SignalClusterView: apply: mImsVisible = false
04-09 21:18:57.641 14532 14576 E LeiaNativeSDK: Drawing with VBO vertices
04-09 21:18:58.474 14532 14576 I chatty  : uid=10101(com.sample.moreteapots) Thread-66 identical 299 lines
04-09 21:18:58.483 14532 14576 E LeiaNativeSDK: Drawing with VBO vertices
04-09 21:18:58.483   832  3570 E NxpTml  : _>>>>> Empty packet recieved !!
04-09 21:18:58.483   832  3570 D NxpTml  : PN54X - I2C Read successful.....len = 3
04-09 21:18:58.483   832  3570 D NxpTml  : PN54X - Posting read message.....
04-09 21:18:58.483   832  3570 D NxpNciR : len =   3 <= 612100
04-09 21:18:58.484   832  3573 D NxpHal  : read successful status = 0x0
04-09 21:18:58.484  3149  3532 I BrcmNfcNfa: NFC received ntf gid:1
04-09 21:18:58.484  3149  3532 E BrcmNfcNfa: unknown opcode:0x21
04-09 21:18:58.485   832  3570 D NxpTml  : PN54X - Read requested.....
04-09 21:18:58.485   832  3570 D NxpTml  : PN54X - Invoking I2C Read.....
04-09 21:18:58.485 14532 14576 E LeiaNativeSDK: Drawing with VBO vertices
04-09 21:18:59.536 14532 14576 I chatty  : uid=10101(com.sample.moreteapots) Thread-67 identical 378 lines
04-09 21:18:59.538 14532 14576 E LeiaNativeSDK: Drawing with VBO vertices
04-09 21:18:59.541   832  3570 E NxpTml  : _>>>>> Empty packet recieved !!
04-09 21:18:59.541 14532 14576 E LeiaNativeSDK: Drawing with VBO vertices
04-09 21:18:59.541   832  3570 D NxpTml  : PN54X - I2C Read successful.....len = 3
04-09 21:18:59.541   832  3570 D NxpTml  : PN54X - Posting read message.....
04-09 21:18:59.541 14532 14576 E LeiaNativeSDK: Drawing with VBO vertices
04-09 21:18:59.541   832  3570 D NxpNciR : len =   3 <= 612100
04-09 21:18:59.541 14532 14576 E LeiaNativeSDK: Drawing with VBO vertices
04-09 21:18:59.541   832  3573 D NxpHal  : read successful status = 0x0
04-09 21:18:59.542  3149  3532 I BrcmNfcNfa: NFC received ntf gid:1
04-09 21:18:59.542  3149  3532 E BrcmNfcNfa: unknown opcode:0x21
04-09 21:18:59.542   832  3570 D NxpTml  : PN54X - Read requested.....
04-09 21:18:59.542   832  3570 D NxpTml  : PN54X - Invoking I2C Read.....
04-09 21:18:59.550 14532 14576 E LeiaNativeSDK: Drawing with VBO vertices
04-09 21:18:59.989 14532 14576 I chatty  : uid=10101(com.sample.moreteapots) Thread-67 identical 155 lines
04-09 21:18:59.997 14532 14576 E LeiaNativeSDK: Drawing with VBO vertices
04-09 21:19:00.001  2514  2514 D KeyguardUpdateMonitor: received broadcast android.intent.action.TIME_TICK
04-09 21:19:00.001  2514  2514 D KeyguardUpdateMonitor: handleTimeUpdate
04-09 21:19:00.002 14532 14576 E LeiaNativeSDK: Drawing with VBO vertices
04-09 21:19:00.596 14532 14576 I chatty  : uid=10101(com.sample.moreteapots) Thread-68 identical 210 lines
04-09 21:19:00.599 14532 14576 E LeiaNativeSDK: Drawing with VBO vertices
04-09 21:19:00.599   832  3570 E NxpTml  : _>>>>> Empty packet recieved !!
04-09 21:19:00.599   832  3570 D NxpTml  : PN54X - I2C Read successful.....len = 3
04-09 21:19:00.599   832  3570 D NxpTml  : PN54X - Posting read message.....
04-09 21:19:00.599   832  3570 D NxpNciR : len =   3 <= 612100
04-09 21:19:00.599   832  3573 D NxpHal  : read successful status = 0x0
04-09 21:19:00.600  3149  3532 I BrcmNfcNfa: NFC received ntf gid:1
04-09 21:19:00.600  3149  3532 E BrcmNfcNfa: unknown opcode:0x21
04-09 21:19:00.600   832  3570 D NxpTml  : PN54X - Read requested.....
04-09 21:19:00.600   832  3570 D NxpTml  : PN54X - Invoking I2C Read.....
04-09 21:19:00.602 14532 14576 E LeiaNativeSDK: Drawing with VBO vertices
04-09 21:19:01.653 14532 14576 I chatty  : uid=10101(com.sample.moreteapots) Thread-69 identical 376 lines
04-09 21:19:01.656 14532 14576 E LeiaNativeSDK: Drawing with VBO vertices
04-09 21:19:01.657   832  3570 E NxpTml  : _>>>>> Empty packet recieved !!
04-09 21:19:01.657   832  3570 D NxpTml  : PN54X - I2C Read successful.....len = 3
04-09 21:19:01.657   832  3570 D NxpTml  : PN54X - Posting read message.....
04-09 21:19:01.657   832  3570 D NxpNciR : len =   3 <= 612100
04-09 21:19:01.658   832  3573 D NxpHal  : read successful status = 0x0
04-09 21:19:01.658  3149  3532 I BrcmNfcNfa: NFC received ntf gid:1
04-09 21:19:01.658   832  3570 D NxpTml  : PN54X - Read requested.....
04-09 21:19:01.658  3149  3532 E BrcmNfcNfa: unknown opcode:0x21
04-09 21:19:01.658   832  3570 D NxpTml  : PN54X - Invoking I2C Read.....
04-09 21:19:01.659 14532 14576 E LeiaNativeSDK: Drawing with VBO vertices
04-09 21:19:02.707 14532 14576 I chatty  : uid=10101(com.sample.moreteapots) Thread-70 identical 367 lines
04-09 21:19:02.707 14532 14576 E LeiaNativeSDK: Drawing with VBO vertices
04-09 21:19:02.716   832  3570 E NxpTml  : _>>>>> Empty packet recieved !!
04-09 21:19:02.716   832  3570 D NxpTml  : PN54X - I2C Read successful.....len = 3
04-09 21:19:02.716   832  3570 D NxpTml  : PN54X - Posting read message.....
04-09 21:19:02.716   832  3570 D NxpNciR : len =   3 <= 612100
04-09 21:19:02.717   832  3573 D NxpHal  : read successful status = 0x0
04-09 21:19:02.717 14532 14576 E LeiaNativeSDK: Drawing with VBO vertices
04-09 21:19:02.717  3149  3532 I BrcmNfcNfa: NFC received ntf gid:1
04-09 21:19:02.718  3149  3532 E BrcmNfcNfa: unknown opcode:0x21
04-09 21:19:02.718   832  3570 D NxpTml  : PN54X - Read requested.....
04-09 21:19:02.718   832  3570 D NxpTml  : PN54X - Invoking I2C Read.....
04-09 21:19:02.721 14532 14576 E LeiaNativeSDK: Drawing with VBO vertices
04-09 21:19:03.770 14532 14576 I chatty  : uid=10101(com.sample.moreteapots) Thread-71 identical 371 lines
04-09 21:19:03.773 14532 14576 E LeiaNativeSDK: Drawing with VBO vertices
04-09 21:19:03.774   832  3570 E NxpTml  : _>>>>> Empty packet recieved !!
04-09 21:19:03.774   832  3570 D NxpTml  : PN54X - I2C Read successful.....len = 3
04-09 21:19:03.774   832  3570 D NxpTml  : PN54X - Posting read message.....
04-09 21:19:03.775   832  3570 D NxpNciR : len =   3 <= 612100
04-09 21:19:03.775   832  3573 D NxpHal  : read successful status = 0x0
04-09 21:19:03.776  3149  3532 I BrcmNfcNfa: NFC received ntf gid:1
04-09 21:19:03.776  3149  3532 E BrcmNfcNfa: unknown opcode:0x21
04-09 21:19:03.776 14532 14576 E LeiaNativeSDK: Drawing with VBO vertices
04-09 21:19:03.776   832  3570 D NxpTml  : PN54X - Read requested.....
04-09 21:19:03.776   832  3570 D NxpTml  : PN54X - Invoking I2C Read.....
04-09 21:19:03.779 14532 14576 E LeiaNativeSDK: Drawing with VBO vertices
04-09 21:19:04.013 14532 14576 I chatty  : uid=10101(com.sample.moreteapots) Thread-72 identical 85 lines
04-09 21:19:04.013 14532 14576 E LeiaNativeSDK: Drawing with VBO vertices
04-09 21:19:04.017 14532 14548 I zygote64: Do partial code cache collection, code=30KB, data=26KB
04-09 21:19:04.018 14532 14548 I zygote64: After code cache collection, code=30KB, data=26KB
04-09 21:19:04.018 14532 14548 I zygote64: Increasing code cache capacity to 128KB
04-09 21:19:04.020 14532 14576 E LeiaNativeSDK: Drawing with VBO vertices
04-09 21:19:04.829 14532 14576 I chatty  : uid=10101(com.sample.moreteapots) Thread-72 identical 289 lines
04-09 21:19:04.832 14532 14576 E LeiaNativeSDK: Drawing with VBO vertices
04-09 21:19:04.834   832  3570 E NxpTml  : _>>>>> Empty packet recieved !!
04-09 21:19:04.834   832  3570 D NxpTml  : PN54X - I2C Read successful.....len = 3
04-09 21:19:04.834   832  3570 D NxpTml  : PN54X - Posting read message.....
04-09 21:19:04.834   832  3570 D NxpNciR : len =   3 <= 612100
04-09 21:19:04.834   832  3573 D NxpHal  : read successful status = 0x0
04-09 21:19:04.835 14532 14576 E LeiaNativeSDK: Drawing with VBO vertices
04-09 21:19:04.835  3149  3532 I BrcmNfcNfa: NFC received ntf gid:1
04-09 21:19:04.835 14532 14576 E LeiaNativeSDK: Drawing with VBO vertices
04-09 21:19:04.835  3149  3532 E BrcmNfcNfa: unknown opcode:0x21
04-09 21:19:04.836 14532 14576 E LeiaNativeSDK: Drawing with VBO vertices
04-09 21:19:04.836   832  3570 D NxpTml  : PN54X - Read requested.....
04-09 21:19:04.836   832  3570 D NxpTml  : PN54X - Invoking I2C Read.....
04-09 21:19:04.845 14532 14576 E LeiaNativeSDK: Drawing with VBO vertices
04-09 21:19:05.888 14532 14576 I chatty  : uid=10101(com.sample.moreteapots) Thread-73 identical 376 lines
04-09 21:19:05.888 14532 14576 E LeiaNativeSDK: Drawing with VBO vertices
04-09 21:19:05.891   832  3570 E NxpTml  : _>>>>> Empty packet recieved !!
04-09 21:19:05.891   832  3570 D NxpTml  : PN54X - I2C Read successful.....len = 3
04-09 21:19:05.892   832  3570 D NxpTml  : PN54X - Posting read message.....
04-09 21:19:05.892   832  3570 D NxpNciR : len =   3 <= 612100
04-09 21:19:05.892   832  3573 D NxpHal  : read successful status = 0x0
04-09 21:19:05.893  3149  3532 I BrcmNfcNfa: NFC received ntf gid:1
04-09 21:19:05.893  3149  3532 E BrcmNfcNfa: unknown opcode:0x21
04-09 21:19:05.894   832  3570 D NxpTml  : PN54X - Read requested.....
04-09 21:19:05.894   832  3570 D NxpTml  : PN54X - Invoking I2C Read.....
04-09 21:19:05.897 14532 14576 E LeiaNativeSDK: Drawing with VBO vertices
04-09 21:19:06.944 14532 14576 I chatty  : uid=10101(com.sample.moreteapots) Thread-74 identical 376 lines
04-09 21:19:06.944 14532 14576 E LeiaNativeSDK: Drawing with VBO vertices
04-09 21:19:06.949   832  3570 E NxpTml  : _>>>>> Empty packet recieved !!
04-09 21:19:06.949   832  3570 D NxpTml  : PN54X - I2C Read successful.....len = 3
04-09 21:19:06.949   832  3570 D NxpTml  : PN54X - Posting read message.....
04-09 21:19:06.949   832  3570 D NxpNciR : len =   3 <= 612100
04-09 21:19:06.949   832  3573 D NxpHal  : read successful status = 0x0
04-09 21:19:06.949  3149  3532 I BrcmNfcNfa: NFC received ntf gid:1
04-09 21:19:06.950  3149  3532 E BrcmNfcNfa: unknown opcode:0x21
04-09 21:19:06.950   832  3570 D NxpTml  : PN54X - Read requested.....
04-09 21:19:06.950   832  3570 D NxpTml  : PN54X - Invoking I2C Read.....
04-09 21:19:06.951 14532 14576 E LeiaNativeSDK: Drawing with VBO vertices
04-09 21:19:07.998 14532 14576 I chatty  : uid=10101(com.sample.moreteapots) Thread-76 identical 377 lines
04-09 21:19:08.006 14532 14576 E LeiaNativeSDK: Drawing with VBO vertices
04-09 21:19:08.007   832  3570 E NxpTml  : _>>>>> Empty packet recieved !!
04-09 21:19:08.008   832  3570 D NxpTml  : PN54X - I2C Read successful.....len = 3
04-09 21:19:08.008   832  3570 D NxpTml  : PN54X - Posting read message.....
04-09 21:19:08.008   832  3570 D NxpNciR : len =   3 <= 612100
04-09 21:19:08.008   832  3573 D NxpHal  : read successful status = 0x0
04-09 21:19:08.009 14532 14576 E LeiaNativeSDK: Drawing with VBO vertices
04-09 21:19:08.009  3149  3532 I BrcmNfcNfa: NFC received ntf gid:1
04-09 21:19:08.009  3149  3532 E BrcmNfcNfa: unknown opcode:0x21
04-09 21:19:08.009   832  3570 D NxpTml  : PN54X - Read requested.....
04-09 21:19:08.010   832  3570 D NxpTml  : PN54X - Invoking I2C Read.....
04-09 21:19:08.011 14532 14576 E LeiaNativeSDK: Drawing with VBO vertices
04-09 21:19:09.062 14532 14576 I chatty  : uid=10101(com.sample.moreteapots) Thread-77 identical 377 lines
04-09 21:19:09.065 14532 14576 E LeiaNativeSDK: Drawing with VBO vertices
04-09 21:19:09.066   832  3570 E NxpTml  : _>>>>> Empty packet recieved !!
04-09 21:19:09.066   832  3570 D NxpTml  : PN54X - I2C Read successful.....len = 3
04-09 21:19:09.066   832  3570 D NxpTml  : PN54X - Posting read message.....
04-09 21:19:09.066   832  3570 D NxpNciR : len =   3 <= 612100
04-09 21:19:09.067   832  3573 D NxpHal  : read successful status = 0x0
04-09 21:19:09.067 14532 14576 E LeiaNativeSDK: Drawing with VBO vertices
04-09 21:19:09.067 14532 14576 E LeiaNativeSDK: Drawing with VBO vertices
04-09 21:19:09.067  3149  3532 I BrcmNfcNfa: NFC received ntf gid:1
04-09 21:19:09.067 14532 14576 E LeiaNativeSDK: Drawing with VBO vertices
04-09 21:19:09.068   832  3570 D NxpTml  : PN54X - Read requested.....
04-09 21:19:09.068   832  3570 D NxpTml  : PN54X - Invoking I2C Read.....
04-09 21:19:09.068  3149  3532 E BrcmNfcNfa: unknown opcode:0x21
04-09 21:19:09.077 14532 14576 E LeiaNativeSDK: Drawing with VBO vertices
04-09 21:19:10.124 14532 14576 I chatty  : uid=10101(com.sample.moreteapots) Thread-78 identical 376 lines
04-09 21:19:10.124 14532 14576 E LeiaNativeSDK: Drawing with VBO vertices
04-09 21:19:10.125   832  3570 E NxpTml  : _>>>>> Empty packet recieved !!
04-09 21:19:10.125   832  3570 D NxpTml  : PN54X - I2C Read successful.....len = 3
04-09 21:19:10.125   832  3570 D NxpTml  : PN54X - Posting read message.....
04-09 21:19:10.125   832  3570 D NxpNciR : len =   3 <= 612100
04-09 21:19:10.126   832  3573 D NxpHal  : read successful status = 0x0
04-09 21:19:10.126  3149  3532 I BrcmNfcNfa: NFC received ntf gid:1
04-09 21:19:10.126  3149  3532 E BrcmNfcNfa: unknown opcode:0x21
04-09 21:19:10.127   832  3570 D NxpTml  : PN54X - Read requested.....
04-09 21:19:10.127   832  3570 D NxpTml  : PN54X - Invoking I2C Read.....
04-09 21:19:10.131 14532 14576 E LeiaNativeSDK: Drawing with VBO vertices
04-09 21:19:11.180 14532 14576 I chatty  : uid=10101(com.sample.moreteapots) Thread-79 identical 376 lines
04-09 21:19:11.180 14532 14576 E LeiaNativeSDK: Drawing with VBO vertices
04-09 21:19:11.182   832  3570 E NxpTml  : _>>>>> Empty packet recieved !!
04-09 21:19:11.183   832  3570 D NxpTml  : PN54X - I2C Read successful.....len = 3
04-09 21:19:11.183   832  3570 D NxpTml  : PN54X - Posting read message.....
04-09 21:19:11.183   832  3570 D NxpNciR : len =   3 <= 612100
04-09 21:19:11.183   832  3573 D NxpHal  : read successful status = 0x0
04-09 21:19:11.184  3149  3532 I BrcmNfcNfa: NFC received ntf gid:1
04-09 21:19:11.184  3149  3532 E BrcmNfcNfa: unknown opcode:0x21
04-09 21:19:11.184   832  3570 D NxpTml  : PN54X - Read requested.....
04-09 21:19:11.184   832  3570 D NxpTml  : PN54X - Invoking I2C Read.....
04-09 21:19:11.186 14532 14576 E LeiaNativeSDK: Drawing with VBO vertices
04-09 21:19:12.231 14532 14576 I chatty  : uid=10101(com.sample.moreteapots) Thread-80 identical 377 lines
04-09 21:19:12.239 14532 14576 E LeiaNativeSDK: Drawing with VBO vertices
04-09 21:19:12.240   832  3570 E NxpTml  : _>>>>> Empty packet recieved !!
04-09 21:19:12.241   832  3570 D NxpTml  : PN54X - I2C Read successful.....len = 3
04-09 21:19:12.241   832  3570 D NxpTml  : PN54X - Posting read message.....
04-09 21:19:12.241   832  3570 D NxpNciR : len =   3 <= 612100
04-09 21:19:12.241   832  3573 D NxpHal  : read successful status = 0x0
04-09 21:19:12.242  3149  3532 I BrcmNfcNfa: NFC received ntf gid:1
04-09 21:19:12.242  3149  3532 E BrcmNfcNfa: unknown opcode:0x21
04-09 21:19:12.242 14532 14576 E LeiaNativeSDK: Drawing with VBO vertices
04-09 21:19:12.242   832  3570 D NxpTml  : PN54X - Read requested.....
04-09 21:19:12.242   832  3570 D NxpTml  : PN54X - Invoking I2C Read.....
04-09 21:19:12.245 14532 14576 E LeiaNativeSDK: Drawing with VBO vertices
04-09 21:19:13.294 14532 14576 I chatty  : uid=10101(com.sample.moreteapots) Thread-81 identical 376 lines
04-09 21:19:13.297 14532 14576 E LeiaNativeSDK: Drawing with VBO vertices
04-09 21:19:13.299   832  3570 E NxpTml  : _>>>>> Empty packet recieved !!
04-09 21:19:13.299   832  3570 D NxpTml  : PN54X - I2C Read successful.....len = 3
04-09 21:19:13.299   832  3570 D NxpTml  : PN54X - Posting read message.....
04-09 21:19:13.299   832  3570 D NxpNciR : len =   3 <= 612100
04-09 21:19:13.299   832  3573 D NxpHal  : read successful status = 0x0
04-09 21:19:13.299  3149  3532 I BrcmNfcNfa: NFC received ntf gid:1
04-09 21:19:13.300  3149  3532 E BrcmNfcNfa: unknown opcode:0x21
04-09 21:19:13.300   832  3570 D NxpTml  : PN54X - Read requested.....
04-09 21:19:13.300   832  3570 D NxpTml  : PN54X - Invoking I2C Read.....
04-09 21:19:13.301 14532 14576 E LeiaNativeSDK: Drawing with VBO vertices
04-09 21:19:14.355 14532 14576 I chatty  : uid=10101(com.sample.moreteapots) Thread-82 identical 380 lines
04-09 21:19:14.355 14532 14576 E LeiaNativeSDK: Drawing with VBO vertices
04-09 21:19:14.357   832  3570 E NxpTml  : _>>>>> Empty packet recieved !!
04-09 21:19:14.358   832  3570 D NxpTml  : PN54X - I2C Read successful.....len = 3
04-09 21:19:14.358   832  3570 D NxpTml  : PN54X - Posting read message.....
04-09 21:19:14.358   832  3570 D NxpNciR : len =   3 <= 612100
04-09 21:19:14.358   832  3573 D NxpHal  : read successful status = 0x0
04-09 21:19:14.359  3149  3532 I BrcmNfcNfa: NFC received ntf gid:1
04-09 21:19:14.360  3149  3532 E BrcmNfcNfa: unknown opcode:0x21
04-09 21:19:14.360   832  3570 D NxpTml  : PN54X - Read requested.....
04-09 21:19:14.360   832  3570 D NxpTml  : PN54X - Invoking I2C Read.....
04-09 21:19:14.364 14532 14576 E LeiaNativeSDK: Drawing with VBO vertices
04-09 21:19:15.409 14532 14576 I chatty  : uid=10101(com.sample.moreteapots) Thread-83 identical 376 lines
04-09 21:19:15.409 14532 14576 E LeiaNativeSDK: Drawing with VBO vertices
04-09 21:19:15.416   832  3570 E NxpTml  : _>>>>> Empty packet recieved !!
04-09 21:19:15.416   832  3570 D NxpTml  : PN54X - I2C Read successful.....len = 3
04-09 21:19:15.416   832  3570 D NxpTml  : PN54X - Posting read message.....
04-09 21:19:15.416   832  3570 D NxpNciR : len =   3 <= 612100
04-09 21:19:15.416   832  3573 D NxpHal  : read successful status = 0x0
04-09 21:19:15.416  3149  3532 I BrcmNfcNfa: NFC received ntf gid:1
04-09 21:19:15.416  3149  3532 E BrcmNfcNfa: unknown opcode:0x21
04-09 21:19:15.417   832  3570 D NxpTml  : PN54X - Read requested.....
04-09 21:19:15.417   832  3570 D NxpTml  : PN54X - Invoking I2C Read.....
04-09 21:19:15.418 14532 14576 E LeiaNativeSDK: Drawing with VBO vertices
04-09 21:19:16.466 14532 14576 I chatty  : uid=10101(com.sample.moreteapots) Thread-84 identical 377 lines
04-09 21:19:16.474 14532 14576 E LeiaNativeSDK: Drawing with VBO vertices
04-09 21:19:16.475   832  3570 E NxpTml  : _>>>>> Empty packet recieved !!
04-09 21:19:16.475   832  3570 D NxpTml  : PN54X - I2C Read successful.....len = 3
04-09 21:19:16.475   832  3570 D NxpTml  : PN54X - Posting read message.....
04-09 21:19:16.475   832  3570 D NxpNciR : len =   3 <= 612100
04-09 21:19:16.475   832  3573 D NxpHal  : read successful status = 0x0
04-09 21:19:16.477  3149  3532 I BrcmNfcNfa: NFC received ntf gid:1
04-09 21:19:16.477  3149  3532 E BrcmNfcNfa: unknown opcode:0x21
04-09 21:19:16.477   832  3570 D NxpTml  : PN54X - Read requested.....
04-09 21:19:16.477 14532 14576 E LeiaNativeSDK: Drawing with VBO vertices
04-09 21:19:16.477   832  3570 D NxpTml  : PN54X - Invoking I2C Read.....
04-09 21:19:16.480 14532 14576 E LeiaNativeSDK: Drawing with VBO vertices
04-09 21:19:17.529 14532 14576 I chatty  : uid=10101(com.sample.moreteapots) Thread-85 identical 376 lines
04-09 21:19:17.531 14532 14576 E LeiaNativeSDK: Drawing with VBO vertices
04-09 21:19:17.533   832  3570 E NxpTml  : _>>>>> Empty packet recieved !!
04-09 21:19:17.533 14532 14576 E LeiaNativeSDK: Drawing with VBO vertices
04-09 21:19:17.533   832  3570 D NxpTml  : PN54X - I2C Read successful.....len = 3
04-09 21:19:17.533   832  3570 D NxpTml  : PN54X - Posting read message.....
04-09 21:19:17.534   832  3570 D NxpNciR : len =   3 <= 612100
04-09 21:19:17.536 14532 14576 E LeiaNativeSDK: Drawing with VBO vertices
04-09 21:19:17.536   832  3573 D NxpHal  : read successful status = 0x0
04-09 21:19:17.536 14532 14576 E LeiaNativeSDK: Drawing with VBO vertices
04-09 21:19:17.537 14532 14576 E LeiaNativeSDK: Drawing with VBO vertices
04-09 21:19:17.537  3149  3532 I BrcmNfcNfa: NFC received ntf gid:1
04-09 21:19:17.537  3149  3532 E BrcmNfcNfa: unknown opcode:0x21
04-09 21:19:17.537   832  3570 D NxpTml  : PN54X - Read requested.....
04-09 21:19:17.538   832  3570 D NxpTml  : PN54X - Invoking I2C Read.....
04-09 21:19:17.546 14532 14576 E LeiaNativeSDK: Drawing with VBO vertices
